Archive member included to satisfy reference by file (symbol)

c:/st/stm32cubeide_1.4.0/stm32cubeide/plugins/com.st.stm32cube.ide.mcu.externaltools.gnu-tools-for-stm32.7-2018-q2-update.win32_1.4.0.202007081208/tools/bin/../lib/gcc/arm-none-eabi/7.3.1/../../../../arm-none-eabi/lib/thumb/v7-m\libc_nano.a(lib_a-errno.o)
                              Src/syscalls.o (__errno)
c:/st/stm32cubeide_1.4.0/stm32cubeide/plugins/com.st.stm32cube.ide.mcu.externaltools.gnu-tools-for-stm32.7-2018-q2-update.win32_1.4.0.202007081208/tools/bin/../lib/gcc/arm-none-eabi/7.3.1/../../../../arm-none-eabi/lib/thumb/v7-m\libc_nano.a(lib_a-exit.o)
                              c:/st/stm32cubeide_1.4.0/stm32cubeide/plugins/com.st.stm32cube.ide.mcu.externaltools.gnu-tools-for-stm32.7-2018-q2-update.win32_1.4.0.202007081208/tools/bin/../lib/gcc/arm-none-eabi/7.3.1/../../../../arm-none-eabi/lib/thumb/v7-m/crt0.o (exit)
c:/st/stm32cubeide_1.4.0/stm32cubeide/plugins/com.st.stm32cube.ide.mcu.externaltools.gnu-tools-for-stm32.7-2018-q2-update.win32_1.4.0.202007081208/tools/bin/../lib/gcc/arm-none-eabi/7.3.1/../../../../arm-none-eabi/lib/thumb/v7-m\libc_nano.a(lib_a-impure.o)
                              c:/st/stm32cubeide_1.4.0/stm32cubeide/plugins/com.st.stm32cube.ide.mcu.externaltools.gnu-tools-for-stm32.7-2018-q2-update.win32_1.4.0.202007081208/tools/bin/../lib/gcc/arm-none-eabi/7.3.1/../../../../arm-none-eabi/lib/thumb/v7-m\libc_nano.a(lib_a-exit.o) (_global_impure_ptr)
c:/st/stm32cubeide_1.4.0/stm32cubeide/plugins/com.st.stm32cube.ide.mcu.externaltools.gnu-tools-for-stm32.7-2018-q2-update.win32_1.4.0.202007081208/tools/bin/../lib/gcc/arm-none-eabi/7.3.1/../../../../arm-none-eabi/lib/thumb/v7-m\libc_nano.a(lib_a-init.o)
                              c:/st/stm32cubeide_1.4.0/stm32cubeide/plugins/com.st.stm32cube.ide.mcu.externaltools.gnu-tools-for-stm32.7-2018-q2-update.win32_1.4.0.202007081208/tools/bin/../lib/gcc/arm-none-eabi/7.3.1/../../../../arm-none-eabi/lib/thumb/v7-m/crt0.o (__libc_init_array)
c:/st/stm32cubeide_1.4.0/stm32cubeide/plugins/com.st.stm32cube.ide.mcu.externaltools.gnu-tools-for-stm32.7-2018-q2-update.win32_1.4.0.202007081208/tools/bin/../lib/gcc/arm-none-eabi/7.3.1/../../../../arm-none-eabi/lib/thumb/v7-m\libc_nano.a(lib_a-memset.o)
                              c:/st/stm32cubeide_1.4.0/stm32cubeide/plugins/com.st.stm32cube.ide.mcu.externaltools.gnu-tools-for-stm32.7-2018-q2-update.win32_1.4.0.202007081208/tools/bin/../lib/gcc/arm-none-eabi/7.3.1/../../../../arm-none-eabi/lib/thumb/v7-m/crt0.o (memset)
c:/st/stm32cubeide_1.4.0/stm32cubeide/plugins/com.st.stm32cube.ide.mcu.externaltools.gnu-tools-for-stm32.7-2018-q2-update.win32_1.4.0.202007081208/tools/bin/../lib/gcc/arm-none-eabi/7.3.1/../../../../arm-none-eabi/lib/thumb/v7-m\libc_nano.a(lib_a-sprintf.o)
                              HAL_Drivers/LCD/LCD.o (sprintf)
c:/st/stm32cubeide_1.4.0/stm32cubeide/plugins/com.st.stm32cube.ide.mcu.externaltools.gnu-tools-for-stm32.7-2018-q2-update.win32_1.4.0.202007081208/tools/bin/../lib/gcc/arm-none-eabi/7.3.1/../../../../arm-none-eabi/lib/thumb/v7-m\libc_nano.a(lib_a-strlen.o)
                              HAL_Drivers/LCD/LCD.o (strlen)
c:/st/stm32cubeide_1.4.0/stm32cubeide/plugins/com.st.stm32cube.ide.mcu.externaltools.gnu-tools-for-stm32.7-2018-q2-update.win32_1.4.0.202007081208/tools/bin/../lib/gcc/arm-none-eabi/7.3.1/../../../../arm-none-eabi/lib/thumb/v7-m\libc_nano.a(lib_a-nano-svfprintf.o)
                              c:/st/stm32cubeide_1.4.0/stm32cubeide/plugins/com.st.stm32cube.ide.mcu.externaltools.gnu-tools-for-stm32.7-2018-q2-update.win32_1.4.0.202007081208/tools/bin/../lib/gcc/arm-none-eabi/7.3.1/../../../../arm-none-eabi/lib/thumb/v7-m\libc_nano.a(lib_a-sprintf.o) (_svfprintf_r)
c:/st/stm32cubeide_1.4.0/stm32cubeide/plugins/com.st.stm32cube.ide.mcu.externaltools.gnu-tools-for-stm32.7-2018-q2-update.win32_1.4.0.202007081208/tools/bin/../lib/gcc/arm-none-eabi/7.3.1/../../../../arm-none-eabi/lib/thumb/v7-m\libc_nano.a(lib_a-nano-vfprintf_i.o)
                              c:/st/stm32cubeide_1.4.0/stm32cubeide/plugins/com.st.stm32cube.ide.mcu.externaltools.gnu-tools-for-stm32.7-2018-q2-update.win32_1.4.0.202007081208/tools/bin/../lib/gcc/arm-none-eabi/7.3.1/../../../../arm-none-eabi/lib/thumb/v7-m\libc_nano.a(lib_a-nano-svfprintf.o) (_printf_i)
c:/st/stm32cubeide_1.4.0/stm32cubeide/plugins/com.st.stm32cube.ide.mcu.externaltools.gnu-tools-for-stm32.7-2018-q2-update.win32_1.4.0.202007081208/tools/bin/../lib/gcc/arm-none-eabi/7.3.1/../../../../arm-none-eabi/lib/thumb/v7-m\libc_nano.a(lib_a-memchr-stub.o)
                              c:/st/stm32cubeide_1.4.0/stm32cubeide/plugins/com.st.stm32cube.ide.mcu.externaltools.gnu-tools-for-stm32.7-2018-q2-update.win32_1.4.0.202007081208/tools/bin/../lib/gcc/arm-none-eabi/7.3.1/../../../../arm-none-eabi/lib/thumb/v7-m\libc_nano.a(lib_a-nano-svfprintf.o) (memchr)
[...]
Memory Configuration

Name             Origin             Length             Attributes
RAM              0x0000000020000000 0x0000000000002800 xrw
ROM              0x0000000008000000 0x0000000000008000 xr
*default*        0x0000000000000000 0xffffffffffffffff

Linker script and memory map

LOAD c:/st/stm32cubeide_1.4.0/stm32cubeide/plugins/com.st.stm32cube.ide.mcu.externaltools.gnu-tools-for-stm32.7-2018-q2-update.win32_1.4.0.202007081208/tools/bin/../lib/gcc/arm-none-eabi/7.3.1/thumb/v7-m/crti.o
LOAD c:/st/stm32cubeide_1.4.0/stm32cubeide/plugins/com.st.stm32cube.ide.mcu.externaltools.gnu-tools-for-stm32.7-2018-q2-update.win32_1.4.0.202007081208/tools/bin/../lib/gcc/arm-none-eabi/7.3.1/thumb/v7-m/crtbegin.o
LOAD c:/st/stm32cubeide_1.4.0/stm32cubeide/plugins/com.st.stm32cube.ide.mcu.externaltools.gnu-tools-for-stm32.7-2018-q2-update.win32_1.4.0.202007081208/tools/bin/../lib/gcc/arm-none-eabi/7.3.1/../../../../arm-none-eabi/lib/thumb/v7-m/crt0.o
LOAD HAL_Drivers/7seg/SevenSegment.o
LOAD HAL_Drivers/Keypad/Keypad.o
LOAD HAL_Drivers/LCD/LCD.o
LOAD STM32F103C6_MCAL_Drivers/EXTI/EXTI.o
LOAD STM32F103C6_MCAL_Drivers/GPIO/STM32F103C6_GPIO_Driver.o
LOAD Src/Calc.o
LOAD Src/main.o
LOAD Src/syscalls.o
LOAD Src/sysmem.o
LOAD Startup/startup_stm32f103c6tx.o
START GROUP
LOAD c:/st/stm32cubeide_1.4.0/stm32cubeide/plugins/com.st.stm32cube.ide.mcu.externaltools.gnu-tools-for-stm32.7-2018-q2-update.win32_1.4.0.202007081208/tools/bin/../lib/gcc/arm-none-eabi/7.3.1/../../../../arm-none-eabi/lib/thumb/v7-m\libc_nano.a
LOAD c:/st/stm32cubeide_1.4.0/stm32cubeide/plugins/com.st.stm32cube.ide.mcu.externaltools.gnu-tools-for-stm32.7-2018-q2-update.win32_1.4.0.202007081208/tools/bin/../lib/gcc/arm-none-eabi/7.3.1/../../../../arm-none-eabi/lib/thumb/v7-m\libm.a
END GROUP
START GROUP
LOAD c:/st/stm32cubeide_1.4.0/stm32cubeide/plugins/com.st.stm32cube.ide.mcu.externaltools.gnu-tools-for-stm32.7-2018-q2-update.win32_1.4.0.202007081208/tools/bin/../lib/gcc/arm-none-eabi/7.3.1/thumb/v7-m\libgcc.a
LOAD c:/st/stm32cubeide_1.4.0/stm32cubeide/plugins/com.st.stm32cube.ide.mcu.externaltools.gnu-tools-for-stm32.7-2018-q2-update.win32_1.4.0.202007081208/tools/bin/../lib/gcc/arm-none-eabi/7.3.1/../../../../arm-none-eabi/lib/thumb/v7-m\libg_nano.a
LOAD c:/st/stm32cubeide_1.4.0/stm32cubeide/plugins/com.st.stm32cube.ide.mcu.externaltools.gnu-tools-for-stm32.7-2018-q2-update.win32_1.4.0.202007081208/tools/bin/../lib/gcc/arm-none-eabi/7.3.1/../../../../arm-none-eabi/lib/thumb/v7-m\libc_nano.a
END GROUP
START GROUP
LOAD c:/st/stm32cubeide_1.4.0/stm32cubeide/plugins/com.st.stm32cube.ide.mcu.externaltools.gnu-tools-for-stm32.7-2018-q2-update.win32_1.4.0.202007081208/tools/bin/../lib/gcc/arm-none-eabi/7.3.1/thumb/v7-m\libgcc.a
LOAD c:/st/stm32cubeide_1.4.0/stm32cubeide/plugins/com.st.stm32cube.ide.mcu.externaltools.gnu-tools-for-stm32.7-2018-q2-update.win32_1.4.0.202007081208/tools/bin/../lib/gcc/arm-none-eabi/7.3.1/../../../../arm-none-eabi/lib/thumb/v7-m\libc_nano.a
LOAD c:/st/stm32cubeide_1.4.0/stm32cubeide/plugins/com.st.stm32cube.ide.mcu.externaltools.gnu-tools-for-stm32.7-2018-q2-update.win32_1.4.0.202007081208/tools/bin/../lib/gcc/arm-none-eabi/7.3.1/../../../../arm-none-eabi/lib/thumb/v7-m\libnosys.a
END GROUP
START GROUP
LOAD c:/st/stm32cubeide_1.4.0/stm32cubeide/plugins/com.st.stm32cube.ide.mcu.externaltools.gnu-tools-for-stm32.7-2018-q2-update.win32_1.4.0.202007081208/tools/bin/../lib/gcc/arm-none-eabi/7.3.1/thumb/v7-m\libgcc.a
LOAD c:/st/stm32cubeide_1.4.0/stm32cubeide/plugins/com.st.stm32cube.ide.mcu.externaltools.gnu-tools-for-stm32.7-2018-q2-update.win32_1.4.0.202007081208/tools/bin/../lib/gcc/arm-none-eabi/7.3.1/../../../../arm-none-eabi/lib/thumb/v7-m\libc_nano.a
LOAD c:/st/stm32cubeide_1.4.0/stm32cubeide/plugins/com.st.stm32cube.ide.mcu.externaltools.gnu-tools-for-stm32.7-2018-q2-update.win32_1.4.0.202007081208/tools/bin/../lib/gcc/arm-none-eabi/7.3.1/../../../../arm-none-eabi/lib/thumb/v7-m\libnosys.a
END GROUP
LOAD c:/st/stm32cubeide_1.4.0/stm32cubeide/plugins/com.st.stm32cube.ide.mcu.externaltools.gnu-tools-for-stm32.7-2018-q2-update.win32_1.4.0.202007081208/tools/bin/../lib/gcc/arm-none-eabi/7.3.1/thumb/v7-m/crtend.o
LOAD c:/st/stm32cubeide_1.4.0/stm32cubeide/plugins/com.st.stm32cube.ide.mcu.externaltools.gnu-tools-for-stm32.7-2018-q2-update.win32_1.4.0.202007081208/tools/bin/../lib/gcc/arm-none-eabi/7.3.1/thumb/v7-m/crtn.o
                0x0000000020002800                _estack = (ORIGIN (RAM) + LENGTH (RAM))
                0x0000000000000200                _Min_Heap_Size = 0x200
                0x0000000000000400                _Min_Stack_Size = 0x400

.isr_vector     0x0000000008000000      0x130
                0x0000000008000000                . = ALIGN (0x4)
 *(.isr_vector)
 .isr_vector    0x0000000008000000      0x130 Startup/startup_stm32f103c6tx.o
                0x0000000008000000                g_pfnVectors
                0x0000000008000130                . = ALIGN (0x4)

.text           0x0000000008000130     0x2e00
                0x0000000008000130                . = ALIGN (0x4)
 *(.text)
 .text          0x0000000008000130       0x40 c:/st/stm32cubeide_1.4.0/stm32cubeide/plugins/com.st.stm32cube.ide.mcu.externaltools.gnu-tools-for-stm32.7-2018-q2-update.win32_1.4.0.202007081208/tools/bin/../lib/gcc/arm-none-eabi/7.3.1/thumb/v7-m/crtbegin.o
 .text          0x0000000008000170       0x10 c:/st/stm32cubeide_1.4.0/stm32cubeide/plugins/com.st.stm32cube.ide.mcu.externaltools.gnu-tools-for-stm32.7-2018-q2-update.win32_1.4.0.202007081208/tools/bin/../lib/gcc/arm-none-eabi/7.3.1/../../../../arm-none-eabi/lib/thumb/v7-m\libc_nano.a(lib_a-strlen.o)
                0x0000000008000170                strlen
 .text          0x0000000008000180      0x378 c:/st/stm32cubeide_1.4.0/stm32cubeide/plugins/com.st.stm32cube.ide.mcu.externaltools.gnu-tools-for-stm32.7-2018-q2-update.win32_1.4.0.202007081208/tools/bin/../lib/gcc/arm-none-eabi/7.3.1/thumb/v7-m\libgcc.a(_arm_addsubdf3.o)
                0x0000000008000180                __aeabi_drsub
                0x0000000008000188                __aeabi_dsub
                0x0000000008000188                __subdf3
                0x000000000800018c                __aeabi_dadd
                0x000000000800018c                __adddf3
                0x0000000008000404                __floatunsidf
                0x0000000008000404                __aeabi_ui2d
                0x0000000008000424                __floatsidf
                0x0000000008000424                __aeabi_i2d
                0x0000000008000448                __aeabi_f2d
                0x0000000008000448                __extendsfdf2
                0x000000000800048c                __floatundidf
                0x000000000800048c                __aeabi_ul2d
                0x000000000800049c                __floatdidf
                0x000000000800049c                __aeabi_l2d
 .text          0x00000000080004f8      0x424 c:/st/stm32cubeide_1.4.0/stm32cubeide/plugins/com.st.stm32cube.ide.mcu.externaltools.gnu-tools-for-stm32.7-2018-q2-update.win32_1.4.0.202007081208/tools/bin/../lib/gcc/arm-none-eabi/7.3.1/thumb/v7-m\libgcc.a(_arm_muldivdf3.o)
                0x00000000080004f8                __aeabi_dmul
                0x00000000080004f8                __muldf3
                0x000000000800074c                __divdf3
                0x000000000800074c                __aeabi_ddiv
 .text          0x000000000800091c       0xa0 c:/st/stm32cubeide_1.4.0/stm32cubeide/plugins/com.st.stm32cube.ide.mcu.externaltools.gnu-tools-for-stm32.7-2018-q2-update.win32_1.4.0.202007081208/tools/bin/../lib/gcc/arm-none-eabi/7.3.1/thumb/v7-m\libgcc.a(_arm_truncdfsf2.o)
                0x000000000800091c                __truncdfsf2
                0x000000000800091c                __aeabi_d2f
 .text          0x00000000080009bc      0x21c c:/st/stm32cubeide_1.4.0/stm32cubeide/plugins/com.st.stm32cube.ide.mcu.externaltools.gnu-tools-for-stm32.7-2018-q2-update.win32_1.4.0.202007081208/tools/bin/../lib/gcc/arm-none-eabi/7.3.1/thumb/v7-m\libgcc.a(_arm_addsubsf3.o)
                0x00000000080009bc                __aeabi_frsub
                0x00000000080009c4                __subsf3
                0x00000000080009c4                __aeabi_fsub
                0x00000000080009c8                __aeabi_fadd
                0x00000000080009c8                __addsf3
                0x0000000008000b28                __aeabi_ui2f
                0x0000000008000b28                __floatunsisf
                0x0000000008000b30                __aeabi_i2f
                0x0000000008000b30                __floatsisf
                0x0000000008000b4c                __aeabi_ul2f
                0x0000000008000b4c                __floatundisf
                0x0000000008000b5c                __aeabi_l2f
                0x0000000008000b5c                __floatdisf
 .text          0x0000000008000bd8      0x2a0 c:/st/stm32cubeide_1.4.0/stm32cubeide/plugins/com.st.stm32cube.ide.mcu.externaltools.gnu-tools-for-stm32.7-2018-q2-update.win32_1.4.0.202007081208/tools/bin/../lib/gcc/arm-none-eabi/7.3.1/thumb/v7-m\libgcc.a(_arm_muldivsf3.o)
                0x0000000008000bd8                __mulsf3
                0x0000000008000bd8                __aeabi_fmul
                0x0000000008000d40                __aeabi_fdiv
                0x0000000008000d40                __divsf3
 .text          0x0000000008000e78       0xec c:/st/stm32cubeide_1.4.0/stm32cubeide/plugins/com.st.stm32cube.ide.mcu.externaltools.gnu-tools-for-stm32.7-2018-q2-update.win32_1.4.0.202007081208/tools/bin/../lib/gcc/arm-none-eabi/7.3.1/thumb/v7-m\libgcc.a(_arm_cmpsf2.o)
                0x0000000008000e78                __gesf2
                0x0000000008000e78                __gtsf2
                0x0000000008000e80                __lesf2
                0x0000000008000e80                __ltsf2
                0x0000000008000e88                __nesf2
                0x0000000008000e88                __eqsf2
                0x0000000008000e88                __cmpsf2
                0x0000000008000ee8                __aeabi_cfrcmple
                0x0000000008000ef0                __aeabi_cfcmpeq
                0x0000000008000ef0                __aeabi_cfcmple
                0x0000000008000f00                __aeabi_fcmpeq
                0x0000000008000f14                __aeabi_fcmplt
                0x0000000008000f28                __aeabi_fcmple
                0x0000000008000f3c                __aeabi_fcmpge
                0x0000000008000f50                __aeabi_fcmpgt
 .text          0x0000000008000f64       0x4c c:/st/stm32cubeide_1.4.0/stm32cubeide/plugins/com.st.stm32cube.ide.mcu.externaltools.gnu-tools-for-stm32.7-2018-q2-update.win32_1.4.0.202007081208/tools/bin/../lib/gcc/arm-none-eabi/7.3.1/thumb/v7-m\libgcc.a(_arm_fixsfsi.o)
                0x0000000008000f64                __aeabi_f2iz
                0x0000000008000f64                __fixsfsi
 *(.text*)
 .text.Key_Init
                0x0000000008000fb0       0xe0 HAL_Drivers/Keypad/Keypad.o
                0x0000000008000fb0                Key_Init
 .text.Key_get  0x0000000008001090       0xbc HAL_Drivers/Keypad/Keypad.o
                0x0000000008001090                Key_get
 .text.LCD_4bit_init
                0x000000000800114c       0xe4 HAL_Drivers/LCD/LCD.o
                0x000000000800114c                LCD_4bit_init
 .text.LCD_4bit_Set_Cursor
                0x0000000008001230       0x7c HAL_Drivers/LCD/LCD.o
                0x0000000008001230                LCD_4bit_Set_Cursor
 .text.LCD_4bit_Command
                0x00000000080012ac       0x36 HAL_Drivers/LCD/LCD.o
                0x00000000080012ac                LCD_4bit_Command
 *fill*         0x00000000080012e2        0x2 
 .text.LCD_4bit_Print_Char
                0x00000000080012e4       0x74 HAL_Drivers/LCD/LCD.o
                0x00000000080012e4                LCD_4bit_Print_Char
 .text.LCD_4bit_Print
                0x0000000008001358       0x2c HAL_Drivers/LCD/LCD.o
                0x0000000008001358                LCD_4bit_Print
 .text.LCD_4bit_Print_Fl_Number
                0x0000000008001384      0x110 HAL_Drivers/LCD/LCD.o
                0x0000000008001384                LCD_4bit_Print_Fl_Number
 .text.Send_4bit
                0x0000000008001494       0x6a HAL_Drivers/LCD/LCD.o
 .text.LCD_4bit_Clear
                0x00000000080014fe       0x22 HAL_Drivers/LCD/LCD.o
                0x00000000080014fe                LCD_4bit_Clear
 .text.myWait   0x0000000008001520       0x38 HAL_Drivers/LCD/LCD.o
 .text.Update   0x0000000008001558      0x1e0 STM32F103C6_MCAL_Drivers/EXTI/EXTI.o
 .text.EXTI_Init
                0x0000000008001738       0x16 STM32F103C6_MCAL_Drivers/EXTI/EXTI.o
                0x0000000008001738                EXTI_Init
 *fill*         0x000000000800174e        0x2 
 .text.EN_NVIC  0x0000000008001750       0xc0 STM32F103C6_MCAL_Drivers/EXTI/EXTI.o
 .text.DIS_NVIC
                0x0000000008001810       0xc0 STM32F103C6_MCAL_Drivers/EXTI/EXTI.o
 .text.EXTI0_IRQHandler
                0x00000000080018d0       0x24 STM32F103C6_MCAL_Drivers/EXTI/EXTI.o
                0x00000000080018d0                EXTI0_IRQHandler
 .text.EXTI1_IRQHandler
                0x00000000080018f4       0x24 STM32F103C6_MCAL_Drivers/EXTI/EXTI.o
                0x00000000080018f4                EXTI1_IRQHandler
 .text.EXTI2_IRQHandler
                0x0000000008001918       0x24 STM32F103C6_MCAL_Drivers/EXTI/EXTI.o
                0x0000000008001918                EXTI2_IRQHandler
 .text.EXTI3_IRQHandler
                0x000000000800193c       0x24 STM32F103C6_MCAL_Drivers/EXTI/EXTI.o
                0x000000000800193c                EXTI3_IRQHandler
 .text.EXTI4_IRQHandler
                0x0000000008001960       0x24 STM32F103C6_MCAL_Drivers/EXTI/EXTI.o
                0x0000000008001960                EXTI4_IRQHandler
 .text.EXTI9_5_IRQHandler
                0x0000000008001984       0xa8 STM32F103C6_MCAL_Drivers/EXTI/EXTI.o
                0x0000000008001984                EXTI9_5_IRQHandler
 .text.EXTI15_10_IRQHandler
                0x0000000008001a2c       0xc4 STM32F103C6_MCAL_Drivers/EXTI/EXTI.o
                0x0000000008001a2c                EXTI15_10_IRQHandler
 .text.GetPos   0x0000000008001af0       0xa6 STM32F103C6_MCAL_Drivers/GPIO/STM32F103C6_GPIO_Driver.o
                0x0000000008001af0                GetPos
 .text.GPIO_INIT
                0x0000000008001b96      0x108 STM32F103C6_MCAL_Drivers/GPIO/STM32F103C6_GPIO_Driver.o
                0x0000000008001b96                GPIO_INIT
 .text.GPIO_READ_PIN
                0x0000000008001c9e       0x28 STM32F103C6_MCAL_Drivers/GPIO/STM32F103C6_GPIO_Driver.o
                0x0000000008001c9e                GPIO_READ_PIN
 .text.GPIO_WRITE_PIN
                0x0000000008001cc6       0x48 STM32F103C6_MCAL_Drivers/GPIO/STM32F103C6_GPIO_Driver.o
                0x0000000008001cc6                GPIO_WRITE_PIN
 *fill*         0x0000000008001d0e        0x2 
 .text.Precedence
                0x0000000008001d10       0x44 Src/Calc.o
 .text.Calc_init
                0x0000000008001d54      0x14c Src/Calc.o
                0x0000000008001d54                Calc_init
 .text.Calc     0x0000000008001ea0      0x160 Src/Calc.o
                0x0000000008001ea0                Calc
 .text.evaluate
                0x0000000008002000      0x2f4 Src/Calc.o
 .text.Calc_res
                0x00000000080022f4       0x6c Src/Calc.o
 .text.Get_Length
                0x0000000008002360       0x5c Src/Calc.o
 .text.Char_init
                0x00000000080023bc       0x18 Src/Calc.o
 .text.Char_isEmpty
                0x00000000080023d4       0x20 Src/Calc.o
 .text.Char_isFull
                0x00000000080023f4       0x20 Src/Calc.o
 .text.Char_Push
                0x0000000008002414       0x26 Src/Calc.o
 .text.Char_Pop
                0x000000000800243a       0x1c Src/Calc.o
 .text.Char_Top
                0x0000000008002456       0x1c Src/Calc.o
 .text.Float_init
                0x0000000008002472       0x1a Src/Calc.o
 .text.Float_Push
                0x000000000800248c       0x2a Src/Calc.o
 .text.Float_Pop
                0x00000000080024b6       0x20 Src/Calc.o
 .text.Float_Top
                0x00000000080024d6       0x20 Src/Calc.o
 *fill*         0x00000000080024f6        0x2 
 .text.Reset    0x00000000080024f8       0x6c Src/Calc.o
                0x00000000080024f8                Reset
 .text.main     0x0000000008002564       0x7c Src/main.o
                0x0000000008002564                main
 .text._sbrk    0x00000000080025e0       0x6c Src/sysmem.o
                0x00000000080025e0                _sbrk
 .text.Reset_Handler
                0x000000000800264c       0x50 Startup/startup_stm32f103c6tx.o
                0x000000000800264c                Reset_Handler
 .text.Default_Handler
                0x000000000800269c        0x2 Startup/startup_stm32f103c6tx.o
                0x000000000800269c                TIM8_TRG_COM_IRQHandler
                0x000000000800269c                TIM8_CC_IRQHandler
                0x000000000800269c                DebugMon_Handler
                0x000000000800269c                TIM1_CC_IRQHandler
                0x000000000800269c                HardFault_Handler
                0x000000000800269c                TIM6_IRQHandler
                0x000000000800269c                SysTick_Handler
                0x000000000800269c                PVD_IRQHandler
                0x000000000800269c                SDIO_IRQHandler
                0x000000000800269c                PendSV_Handler
                0x000000000800269c                NMI_Handler
                0x000000000800269c                USB_HP_CAN_TX_IRQHandler
                0x000000000800269c                I2C2_EV_IRQHandler
                0x000000000800269c                UsageFault_Handler
                0x000000000800269c                ADC1_2_IRQHandler
                0x000000000800269c                SPI1_IRQHandler
                0x000000000800269c                CAN_SCE_IRQHandler
                0x000000000800269c                TAMPER_IRQHandler
                0x000000000800269c                TIM8_UP_IRQHandler
                0x000000000800269c                DMA2_Channel2_IRQHandler
                0x000000000800269c                DMA1_Channel4_IRQHandler
                0x000000000800269c                USART3_IRQHandler
                0x000000000800269c                RTC_IRQHandler
                0x000000000800269c                DMA1_Channel7_IRQHandler
                0x000000000800269c                UART5_IRQHandler
                0x000000000800269c                ADC3_IRQHandler
                0x000000000800269c                TIM4_IRQHandler
                0x000000000800269c                CAN_RX1_IRQHandler
                0x000000000800269c                DMA2_Channel1_IRQHandler
                0x000000000800269c                I2C1_EV_IRQHandler
                0x000000000800269c                DMA1_Channel6_IRQHandler
                0x000000000800269c                UART4_IRQHandler
                0x000000000800269c                TIM3_IRQHandler
                0x000000000800269c                RCC_IRQHandler
                0x000000000800269c                TIM1_TRG_COM_IRQHandler
                0x000000000800269c                DMA1_Channel1_IRQHandler
                0x000000000800269c                Default_Handler
                0x000000000800269c                TIM7_IRQHandler
                0x000000000800269c                TIM5_IRQHandler
                0x000000000800269c                SPI2_IRQHandler
                0x000000000800269c                USB_LP_CAN_RX0_IRQHandler
                0x000000000800269c                MemManage_Handler
                0x000000000800269c                SVC_Handler
                0x000000000800269c                DMA1_Channel5_IRQHandler
                0x000000000800269c                DMA1_Channel3_IRQHandler
                0x000000000800269c                FSMC_IRQHandler
                0x000000000800269c                TIM1_UP_IRQHandler
                0x000000000800269c                WWDG_IRQHandler
                0x000000000800269c                TIM2_IRQHandler
                0x000000000800269c                TIM1_BRK_IRQHandler
                0x000000000800269c                RTCAlarm_IRQHandler
                0x000000000800269c                DMA2_Channel4_5_IRQHandler
                0x000000000800269c                USART2_IRQHandler
                0x000000000800269c                I2C2_ER_IRQHandler
                0x000000000800269c                DMA1_Channel2_IRQHandler
                0x000000000800269c                TIM8_BRK_IRQHandler
                0x000000000800269c                FLASH_IRQHandler
                0x000000000800269c                BusFault_Handler
                0x000000000800269c                USART1_IRQHandler
                0x000000000800269c                SPI3_IRQHandler
                0x000000000800269c                I2C1_ER_IRQHandler
                0x000000000800269c                DMA2_Channel3_IRQHandler
 *fill*         0x000000000800269e        0x2 
 .text.__errno  0x00000000080026a0        0xc c:/st/stm32cubeide_1.4.0/stm32cubeide/plugins/com.st.stm32cube.ide.mcu.externaltools.gnu-tools-for-stm32.7-2018-q2-update.win32_1.4.0.202007081208/tools/bin/../lib/gcc/arm-none-eabi/7.3.1/../../../../arm-none-eabi/lib/thumb/v7-m\libc_nano.a(lib_a-errno.o)
                0x00000000080026a0                __errno
 .text.__libc_init_array
                0x00000000080026ac       0x48 c:/st/stm32cubeide_1.4.0/stm32cubeide/plugins/com.st.stm32cube.ide.mcu.externaltools.gnu-tools-for-stm32.7-2018-q2-update.win32_1.4.0.202007081208/tools/bin/../lib/gcc/arm-none-eabi/7.3.1/../../../../arm-none-eabi/lib/thumb/v7-m\libc_nano.a(lib_a-init.o)
                0x00000000080026ac                __libc_init_array
 .text.sprintf  0x00000000080026f4       0x40 c:/st/stm32cubeide_1.4.0/stm32cubeide/plugins/com.st.stm32cube.ide.mcu.externaltools.gnu-tools-for-stm32.7-2018-q2-update.win32_1.4.0.202007081208/tools/bin/../lib/gcc/arm-none-eabi/7.3.1/../../../../arm-none-eabi/lib/thumb/v7-m\libc_nano.a(lib_a-sprintf.o)
                0x00000000080026f4                siprintf
                0x00000000080026f4                sprintf
 .text.__ssputs_r
                0x0000000008002734       0xb4 c:/st/stm32cubeide_1.4.0/stm32cubeide/plugins/com.st.stm32cube.ide.mcu.externaltools.gnu-tools-for-stm32.7-2018-q2-update.win32_1.4.0.202007081208/tools/bin/../lib/gcc/arm-none-eabi/7.3.1/../../../../arm-none-eabi/lib/thumb/v7-m\libc_nano.a(lib_a-nano-svfprintf.o)
                0x0000000008002734                __ssputs_r
 .text._svfprintf_r
                0x00000000080027e8      0x1f0 c:/st/stm32cubeide_1.4.0/stm32cubeide/plugins/com.st.stm32cube.ide.mcu.externaltools.gnu-tools-for-stm32.7-2018-q2-update.win32_1.4.0.202007081208/tools/bin/../lib/gcc/arm-none-eabi/7.3.1/../../../../arm-none-eabi/lib/thumb/v7-m\libc_nano.a(lib_a-nano-svfprintf.o)
                0x00000000080027e8                _svfiprintf_r
                0x00000000080027e8                _svfprintf_r
 .text._printf_common
                0x00000000080029d8       0xec c:/st/stm32cubeide_1.4.0/stm32cubeide/plugins/com.st.stm32cube.ide.mcu.externaltools.gnu-tools-for-stm32.7-2018-q2-update.win32_1.4.0.202007081208/tools/bin/../lib/gcc/arm-none-eabi/7.3.1/../../../../arm-none-eabi/lib/thumb/v7-m\libc_nano.a(lib_a-nano-vfprintf_i.o)
                0x00000000080029d8                _printf_common
 .text._printf_i
                0x0000000008002ac4      0x224 c:/st/stm32cubeide_1.4.0/stm32cubeide/plugins/com.st.stm32cube.ide.mcu.externaltools.gnu-tools-for-stm32.7-2018-q2-update.win32_1.4.0.202007081208/tools/bin/../lib/gcc/arm-none-eabi/7.3.1/../../../../arm-none-eabi/lib/thumb/v7-m\libc_nano.a(lib_a-nano-vfprintf_i.o)
                0x0000000008002ac4                _printf_i
 .text.memchr   0x0000000008002ce8       0x1c c:/st/stm32cubeide_1.4.0/stm32cubeide/plugins/com.st.stm32cube.ide.mcu.externaltools.gnu-tools-for-stm32.7-2018-q2-update.win32_1.4.0.202007081208/tools/bin/../lib/gcc/arm-none-eabi/7.3.1/../../../../arm-none-eabi/lib/thumb/v7-m\libc_nano.a(lib_a-memchr-stub.o)
                0x0000000008002ce8                memchr
 .text.memcpy   0x0000000008002d04       0x16 c:/st/stm32cubeide_1.4.0/stm32cubeide/plugins/com.st.stm32cube.ide.mcu.externaltools.gnu-tools-for-stm32.7-2018-q2-update.win32_1.4.0.202007081208/tools/bin/../lib/gcc/arm-none-eabi/7.3.1/../../../../arm-none-eabi/lib/thumb/v7-m\libc_nano.a(lib_a-memcpy-stub.o)
                0x0000000008002d04                memcpy
 .text.memmove  0x0000000008002d1a       0x32 c:/st/stm32cubeide_1.4.0/stm32cubeide/plugins/com.st.stm32cube.ide.mcu.externaltools.gnu-tools-for-stm32.7-2018-q2-update.win32_1.4.0.202007081208/tools/bin/../lib/gcc/arm-none-eabi/7.3.1/../../../../arm-none-eabi/lib/thumb/v7-m\libc_nano.a(lib_a-memmove.o)
                0x0000000008002d1a                memmove
 .text._free_r  0x0000000008002d4c       0x98 c:/st/stm32cubeide_1.4.0/stm32cubeide/plugins/com.st.stm32cube.ide.mcu.externaltools.gnu-tools-for-stm32.7-2018-q2-update.win32_1.4.0.202007081208/tools/bin/../lib/gcc/arm-none-eabi/7.3.1/../../../../arm-none-eabi/lib/thumb/v7-m\libc_nano.a(lib_a-nano-freer.o)
                0x0000000008002d4c                _free_r
 .text._malloc_r
                0x0000000008002de4       0xb4 c:/st/stm32cubeide_1.4.0/stm32cubeide/plugins/com.st.stm32cube.ide.mcu.externaltools.gnu-tools-for-stm32.7-2018-q2-update.win32_1.4.0.202007081208/tools/bin/../lib/gcc/arm-none-eabi/7.3.1/../../../../arm-none-eabi/lib/thumb/v7-m\libc_nano.a(lib_a-nano-mallocr.o)
                0x0000000008002de4                _malloc_r
 .text._realloc_r
                0x0000000008002e98       0x4c c:/st/stm32cubeide_1.4.0/stm32cubeide/plugins/com.st.stm32cube.ide.mcu.externaltools.gnu-tools-for-stm32.7-2018-q2-update.win32_1.4.0.202007081208/tools/bin/../lib/gcc/arm-none-eabi/7.3.1/../../../../arm-none-eabi/lib/thumb/v7-m\libc_nano.a(lib_a-nano-reallocr.o)
                0x0000000008002e98                _realloc_r
 .text._sbrk_r  0x0000000008002ee4       0x20 c:/st/stm32cubeide_1.4.0/stm32cubeide/plugins/com.st.stm32cube.ide.mcu.externaltools.gnu-tools-for-stm32.7-2018-q2-update.win32_1.4.0.202007081208/tools/bin/../lib/gcc/arm-none-eabi/7.3.1/../../../../arm-none-eabi/lib/thumb/v7-m\libc_nano.a(lib_a-sbrkr.o)
                0x0000000008002ee4                _sbrk_r
 .text.__malloc_lock
                0x0000000008002f04        0x2 c:/st/stm32cubeide_1.4.0/stm32cubeide/plugins/com.st.stm32cube.ide.mcu.externaltools.gnu-tools-for-stm32.7-2018-q2-update.win32_1.4.0.202007081208/tools/bin/../lib/gcc/arm-none-eabi/7.3.1/../../../../arm-none-eabi/lib/thumb/v7-m\libc_nano.a(lib_a-mlock.o)
                0x0000000008002f04                __malloc_lock
 .text.__malloc_unlock
                0x0000000008002f06        0x2 c:/st/stm32cubeide_1.4.0/stm32cubeide/plugins/com.st.stm32cube.ide.mcu.externaltools.gnu-tools-for-stm32.7-2018-q2-update.win32_1.4.0.202007081208/tools/bin/../lib/gcc/arm-none-eabi/7.3.1/../../../../arm-none-eabi/lib/thumb/v7-m\libc_nano.a(lib_a-mlock.o)
                0x0000000008002f06                __malloc_unlock
 .text._malloc_usable_size_r
                0x0000000008002f08       0x10 c:/st/stm32cubeide_1.4.0/stm32cubeide/plugins/com.st.stm32cube.ide.mcu.externaltools.gnu-tools-for-stm32.7-2018-q2-update.win32_1.4.0.202007081208/tools/bin/../lib/gcc/arm-none-eabi/7.3.1/../../../../arm-none-eabi/lib/thumb/v7-m\libc_nano.a(lib_a-nano-msizer.o)
                0x0000000008002f08                _malloc_usable_size_r
 *(.glue_7)
 .glue_7        0x0000000008002f18        0x0 linker stubs
 *(.glue_7t)
 .glue_7t       0x0000000008002f18        0x0 linker stubs
 *(.eh_frame)
 .eh_frame      0x0000000008002f18        0x0 c:/st/stm32cubeide_1.4.0/stm32cubeide/plugins/com.st.stm32cube.ide.mcu.externaltools.gnu-tools-for-stm32.7-2018-q2-update.win32_1.4.0.202007081208/tools/bin/../lib/gcc/arm-none-eabi/7.3.1/thumb/v7-m/crtbegin.o
 *(.init)
 .init          0x0000000008002f18        0x4 c:/st/stm32cubeide_1.4.0/stm32cubeide/plugins/com.st.stm32cube.ide.mcu.externaltools.gnu-tools-for-stm32.7-2018-q2-update.win32_1.4.0.202007081208/tools/bin/../lib/gcc/arm-none-eabi/7.3.1/thumb/v7-m/crti.o
                0x0000000008002f18                _init
 .init          0x0000000008002f1c        0x8 c:/st/stm32cubeide_1.4.0/stm32cubeide/plugins/com.st.stm32cube.ide.mcu.externaltools.gnu-tools-for-stm32.7-2018-q2-update.win32_1.4.0.202007081208/tools/bin/../lib/gcc/arm-none-eabi/7.3.1/thumb/v7-m/crtn.o
 *(.fini)
 .fini          0x0000000008002f24        0x4 c:/st/stm32cubeide_1.4.0/stm32cubeide/plugins/com.st.stm32cube.ide.mcu.externaltools.gnu-tools-for-stm32.7-2018-q2-update.win32_1.4.0.202007081208/tools/bin/../lib/gcc/arm-none-eabi/7.3.1/thumb/v7-m/crti.o
                0x0000000008002f24                _fini
 .fini          0x0000000008002f28        0x8 c:/st/stm32cubeide_1.4.0/stm32cubeide/plugins/com.st.stm32cube.ide.mcu.externaltools.gnu-tools-for-stm32.7-2018-q2-update.win32_1.4.0.202007081208/tools/bin/../lib/gcc/arm-none-eabi/7.3.1/thumb/v7-m/crtn.o
                0x0000000008002f30                . = ALIGN (0x4)
                0x0000000008002f30                _etext = .

.vfp11_veneer   0x0000000008002f30        0x0
 .vfp11_veneer  0x0000000008002f30        0x0 linker stubs

.v4_bx          0x0000000008002f30        0x0
 .v4_bx         0x0000000008002f30        0x0 linker stubs

.iplt           0x0000000008002f30        0x0
 .iplt          0x0000000008002f30        0x0 c:/st/stm32cubeide_1.4.0/stm32cubeide/plugins/com.st.stm32cube.ide.mcu.externaltools.gnu-tools-for-stm32.7-2018-q2-update.win32_1.4.0.202007081208/tools/bin/../lib/gcc/arm-none-eabi/7.3.1/thumb/v7-m/crtbegin.o

.rodata         0x0000000008002f30       0x64
                0x0000000008002f30                . = ALIGN (0x4)
 *(.rodata)
 .rodata        0x0000000008002f30        0x3 HAL_Drivers/LCD/LCD.o
 *fill*         0x0000000008002f33        0x1 
 .rodata        0x0000000008002f34       0x2b Src/Calc.o
 *(.rodata*)
 .rodata._svfprintf_r.str1.1
                0x0000000008002f5f       0x11 c:/st/stm32cubeide_1.4.0/stm32cubeide/plugins/com.st.stm32cube.ide.mcu.externaltools.gnu-tools-for-stm32.7-2018-q2-update.win32_1.4.0.202007081208/tools/bin/../lib/gcc/arm-none-eabi/7.3.1/../../../../arm-none-eabi/lib/thumb/v7-m\libc_nano.a(lib_a-nano-svfprintf.o)
 .rodata._printf_i.str1.1
                0x0000000008002f70       0x22 c:/st/stm32cubeide_1.4.0/stm32cubeide/plugins/com.st.stm32cube.ide.mcu.externaltools.gnu-tools-for-stm32.7-2018-q2-update.win32_1.4.0.202007081208/tools/bin/../lib/gcc/arm-none-eabi/7.3.1/../../../../arm-none-eabi/lib/thumb/v7-m\libc_nano.a(lib_a-nano-vfprintf_i.o)
                0x0000000008002f94                . = ALIGN (0x4)
 *fill*         0x0000000008002f92        0x2 

.rel.dyn        0x0000000008002f94        0x0
 .rel.iplt      0x0000000008002f94        0x0 c:/st/stm32cubeide_1.4.0/stm32cubeide/plugins/com.st.stm32cube.ide.mcu.externaltools.gnu-tools-for-stm32.7-2018-q2-update.win32_1.4.0.202007081208/tools/bin/../lib/gcc/arm-none-eabi/7.3.1/thumb/v7-m/crtbegin.o

.ARM.extab      0x0000000008002f94        0x0
                0x0000000008002f94                . = ALIGN (0x4)
 *(.ARM.extab* .gnu.linkonce.armextab.*)
                0x0000000008002f94                . = ALIGN (0x4)

.ARM            0x0000000008002f94        0x0
                0x0000000008002f94                . = ALIGN (0x4)
                0x0000000008002f94                __exidx_start = .
 *(.ARM.exidx*)
                0x0000000008002f94                __exidx_end = .
                0x0000000008002f94                . = ALIGN (0x4)

.preinit_array  0x0000000008002f94        0x0
                0x0000000008002f94                . = ALIGN (0x4)
                0x0000000008002f94                PROVIDE (__preinit_array_start = .)
 *(.preinit_array*)
                0x0000000008002f94                PROVIDE (__preinit_array_end = .)
                0x0000000008002f94                . = ALIGN (0x4)

.init_array     0x0000000008002f94        0x4
                0x0000000008002f94                . = ALIGN (0x4)
                0x0000000008002f94                PROVIDE (__init_array_start = .)
 *(SORT_BY_NAME(.init_array.*))
 *(.init_array*)
 .init_array    0x0000000008002f94        0x4 c:/st/stm32cubeide_1.4.0/stm32cubeide/plugins/com.st.stm32cube.ide.mcu.externaltools.gnu-tools-for-stm32.7-2018-q2-update.win32_1.4.0.202007081208/tools/bin/../lib/gcc/arm-none-eabi/7.3.1/thumb/v7-m/crtbegin.o
                0x0000000008002f98                PROVIDE (__init_array_end = .)
                0x0000000008002f98                . = ALIGN (0x4)

.fini_array     0x0000000008002f98        0x4
                0x0000000008002f98                . = ALIGN (0x4)
                [!provide]                        PROVIDE (__fini_array_start = .)
 *(SORT_BY_NAME(.fini_array.*))
 *(.fini_array*)
 .fini_array    0x0000000008002f98        0x4 c:/st/stm32cubeide_1.4.0/stm32cubeide/plugins/com.st.stm32cube.ide.mcu.externaltools.gnu-tools-for-stm32.7-2018-q2-update.win32_1.4.0.202007081208/tools/bin/../lib/gcc/arm-none-eabi/7.3.1/thumb/v7-m/crtbegin.o
                [!provide]                        PROVIDE (__fini_array_end = .)
                0x0000000008002f9c                . = ALIGN (0x4)
                0x0000000008002f9c                _sidata = LOADADDR (.data)

.data           0x0000000020000000       0x68 load address 0x0000000008002f9c
                0x0000000020000000                . = ALIGN (0x4)
                0x0000000020000000                _sdata = .
 *(.data)
 *(.data*)
 .data.ISR      0x0000000020000000        0x1 Src/Calc.o
                0x0000000020000000                ISR
 *fill*         0x0000000020000001        0x3 
 .data._impure_ptr
                0x0000000020000004        0x4 c:/st/stm32cubeide_1.4.0/stm32cubeide/plugins/com.st.stm32cube.ide.mcu.externaltools.gnu-tools-for-stm32.7-2018-q2-update.win32_1.4.0.202007081208/tools/bin/../lib/gcc/arm-none-eabi/7.3.1/../../../../arm-none-eabi/lib/thumb/v7-m\libc_nano.a(lib_a-impure.o)
                0x0000000020000004                _impure_ptr
 .data.impure_data
                0x0000000020000008       0x60 c:/st/stm32cubeide_1.4.0/stm32cubeide/plugins/com.st.stm32cube.ide.mcu.externaltools.gnu-tools-for-stm32.7-2018-q2-update.win32_1.4.0.202007081208/tools/bin/../lib/gcc/arm-none-eabi/7.3.1/../../../../arm-none-eabi/lib/thumb/v7-m\libc_nano.a(lib_a-impure.o)
                0x0000000020000068                . = ALIGN (0x4)
                0x0000000020000068                _edata = .

.igot.plt       0x0000000020000068        0x0 load address 0x0000000008003004
 .igot.plt      0x0000000020000068        0x0 c:/st/stm32cubeide_1.4.0/stm32cubeide/plugins/com.st.stm32cube.ide.mcu.externaltools.gnu-tools-for-stm32.7-2018-q2-update.win32_1.4.0.202007081208/tools/bin/../lib/gcc/arm-none-eabi/7.3.1/thumb/v7-m/crtbegin.o
                0x0000000020000068                . = ALIGN (0x4)

.bss            0x0000000020000068      0x1a4 load address 0x0000000008003004
                0x0000000020000068                _sbss = .
                0x0000000020000068                __bss_start__ = _sbss
 *(.bss)
 .bss           0x0000000020000068       0x1c c:/st/stm32cubeide_1.4.0/stm32cubeide/plugins/com.st.stm32cube.ide.mcu.externaltools.gnu-tools-for-stm32.7-2018-q2-update.win32_1.4.0.202007081208/tools/bin/../lib/gcc/arm-none-eabi/7.3.1/thumb/v7-m/crtbegin.o
 *(.bss*)
 .bss.Btn       0x0000000020000084       0x10 HAL_Drivers/Keypad/Keypad.o
 .bss.AddressDD
                0x0000000020000094        0x1 HAL_Drivers/LCD/LCD.o
 *fill*         0x0000000020000095        0x3 
 .bss.GP_IRQ    0x0000000020000098       0x3c STM32F103C6_MCAL_Drivers/EXTI/EXTI.o
 .bss.Postfix   0x00000000200000d4       0x64 Src/Calc.o
 .bss.__sbrk_heap_end
                0x0000000020000138        0x4 Src/sysmem.o
 .bss.__malloc_free_list
                0x000000002000013c        0x4 c:/st/stm32cubeide_1.4.0/stm32cubeide/plugins/com.st.stm32cube.ide.mcu.externaltools.gnu-tools-for-stm32.7-2018-q2-update.win32_1.4.0.202007081208/tools/bin/../lib/gcc/arm-none-eabi/7.3.1/../../../../arm-none-eabi/lib/thumb/v7-m\libc_nano.a(lib_a-nano-mallocr.o)
                0x000000002000013c                __malloc_free_list
 .bss.__malloc_sbrk_start
                0x0000000020000140        0x4 c:/st/stm32cubeide_1.4.0/stm32cubeide/plugins/com.st.stm32cube.ide.mcu.externaltools.gnu-tools-for-stm32.7-2018-q2-update.win32_1.4.0.202007081208/tools/bin/../lib/gcc/arm-none-eabi/7.3.1/../../../../arm-none-eabi/lib/thumb/v7-m\libc_nano.a(lib_a-nano-mallocr.o)
                0x0000000020000140                __malloc_sbrk_start
 *(COMMON)
 COMMON         0x0000000020000144       0xc4 Src/Calc.o
                0x0000000020000144                lcd
                0x000000002000017c                exti
                0x000000002000018c                key
                0x00000000200001cc                Operation
 COMMON         0x0000000020000208        0x4 c:/st/stm32cubeide_1.4.0/stm32cubeide/plugins/com.st.stm32cube.ide.mcu.externaltools.gnu-tools-for-stm32.7-2018-q2-update.win32_1.4.0.202007081208/tools/bin/../lib/gcc/arm-none-eabi/7.3.1/../../../../arm-none-eabi/lib/thumb/v7-m\libc_nano.a(lib_a-reent.o)
                0x0000000020000208                errno
                0x000000002000020c                . = ALIGN (0x4)
                0x000000002000020c                _ebss = .
                0x000000002000020c                __bss_end__ = _ebss

._user_heap_stack
                0x000000002000020c      0x604 load address 0x0000000008003004
                0x0000000020000210                . = ALIGN (0x8)
 *fill*         0x000000002000020c        0x4 
                [!provide]                        PROVIDE (end = .)
                0x0000000020000210                PROVIDE (_end = .)
                0x0000000020000410                . = (. + _Min_Heap_Size)
 *fill*         0x0000000020000210      0x200 
                0x0000000020000810                . = (. + _Min_Stack_Size)
 *fill*         0x0000000020000410      0x400 
                0x0000000020000810                . = ALIGN (0x8)

/DISCARD/
 libc.a(*)
 libm.a(*)
 libgcc.a(*)

.ARM.attributes
                0x0000000000000000       0x29
 *(.ARM.attributes)
 .ARM.attributes
                0x0000000000000000       0x1d c:/st/stm32cubeide_1.4.0/stm32cubeide/plugins/com.st.stm32cube.ide.mcu.externaltools.gnu-tools-for-stm32.7-2018-q2-update.win32_1.4.0.202007081208/tools/bin/../lib/gcc/arm-none-eabi/7.3.1/thumb/v7-m/crti.o
 .ARM.attributes
                0x000000000000001d       0x2d c:/st/stm32cubeide_1.4.0/stm32cubeide/plugins/com.st.stm32cube.ide.mcu.externaltools.gnu-tools-for-stm32.7-2018-q2-update.win32_1.4.0.202007081208/tools/bin/../lib/gcc/arm-none-eabi/7.3.1/thumb/v7-m/crtbegin.o
 .ARM.attributes
                0x000000000000004a       0x33 HAL_Drivers/Keypad/Keypad.o
 .ARM.attributes
                0x000000000000007d       0x33 HAL_Drivers/LCD/LCD.o
 .ARM.attributes
                0x00000000000000b0       0x33 STM32F103C6_MCAL_Drivers/EXTI/EXTI.o
 .ARM.attributes
                0x00000000000000e3       0x33 STM32F103C6_MCAL_Drivers/GPIO/STM32F103C6_GPIO_Driver.o
 .ARM.attributes
                0x0000000000000116       0x33 Src/Calc.o
 .ARM.attributes
                0x0000000000000149       0x33 Src/main.o
 .ARM.attributes
                0x000000000000017c       0x33 Src/sysmem.o
 .ARM.attributes
                0x00000000000001af       0x21 Startup/startup_stm32f103c6tx.o
 .ARM.attributes
                0x00000000000001d0       0x2d c:/st/stm32cubeide_1.4.0/stm32cubeide/plugins/com.st.stm32cube.ide.mcu.externaltools.gnu-tools-for-stm32.7-2018-q2-update.win32_1.4.0.202007081208/tools/bin/../lib/gcc/arm-none-eabi/7.3.1/../../../../arm-none-eabi/lib/thumb/v7-m\libc_nano.a(lib_a-errno.o)
 .ARM.attributes
                0x00000000000001fd       0x2d c:/st/stm32cubeide_1.4.0/stm32cubeide/plugins/com.st.stm32cube.ide.mcu.externaltools.gnu-tools-for-stm32.7-2018-q2-update.win32_1.4.0.202007081208/tools/bin/../lib/gcc/arm-none-eabi/7.3.1/../../../../arm-none-eabi/lib/thumb/v7-m\libc_nano.a(lib_a-impure.o)
 .ARM.attributes
                0x000000000000022a       0x2d c:/st/stm32cubeide_1.4.0/stm32cubeide/plugins/com.st.stm32cube.ide.mcu.externaltools.gnu-tools-for-stm32.7-2018-q2-update.win32_1.4.0.202007081208/tools/bin/../lib/gcc/arm-none-eabi/7.3.1/../../../../arm-none-eabi/lib/thumb/v7-m\libc_nano.a(lib_a-init.o)
 .ARM.attributes
                0x0000000000000257       0x2d c:/st/stm32cubeide_1.4.0/stm32cubeide/plugins/com.st.stm32cube.ide.mcu.externaltools.gnu-tools-for-stm32.7-2018-q2-update.win32_1.4.0.202007081208/tools/bin/../lib/gcc/arm-none-eabi/7.3.1/../../../../arm-none-eabi/lib/thumb/v7-m\libc_nano.a(lib_a-sprintf.o)
 .ARM.attributes
                0x0000000000000284       0x17 c:/st/stm32cubeide_1.4.0/stm32cubeide/plugins/com.st.stm32cube.ide.mcu.externaltools.gnu-tools-for-stm32.7-2018-q2-update.win32_1.4.0.202007081208/tools/bin/../lib/gcc/arm-none-eabi/7.3.1/../../../../arm-none-eabi/lib/thumb/v7-m\libc_nano.a(lib_a-strlen.o)
 .ARM.attributes
                0x000000000000029b       0x2d c:/st/stm32cubeide_1.4.0/stm32cubeide/plugins/com.st.stm32cube.ide.mcu.externaltools.gnu-tools-for-stm32.7-2018-q2-update.win32_1.4.0.202007081208/tools/bin/../lib/gcc/arm-none-eabi/7.3.1/../../../../arm-none-eabi/lib/thumb/v7-m\libc_nano.a(lib_a-nano-svfprintf.o)
 .ARM.attributes
                0x00000000000002c8       0x2d c:/st/stm32cubeide_1.4.0/stm32cubeide/plugins/com.st.stm32cube.ide.mcu.externaltools.gnu-tools-for-stm32.7-2018-q2-update.win32_1.4.0.202007081208/tools/bin/../lib/gcc/arm-none-eabi/7.3.1/../../../../arm-none-eabi/lib/thumb/v7-m\libc_nano.a(lib_a-nano-vfprintf_i.o)
 .ARM.attributes
                0x00000000000002f5       0x2d c:/st/stm32cubeide_1.4.0/stm32cubeide/plugins/com.st.stm32cube.ide.mcu.externaltools.gnu-tools-for-stm32.7-2018-q2-update.win32_1.4.0.202007081208/tools/bin/../lib/gcc/arm-none-eabi/7.3.1/../../../../arm-none-eabi/lib/thumb/v7-m\libc_nano.a(lib_a-memchr-stub.o)
 .ARM.attributes
                0x0000000000000322       0x2d c:/st/stm32cubeide_1.4.0/stm32cubeide/plugins/com.st.stm32cube.ide.mcu.externaltools.gnu-tools-for-stm32.7-2018-q2-update.win32_1.4.0.202007081208/tools/bin/../lib/gcc/arm-none-eabi/7.3.1/../../../../arm-none-eabi/lib/thumb/v7-m\libc_nano.a(lib_a-memcpy-stub.o)
 .ARM.attributes
                0x000000000000034f       0x2d c:/st/stm32cubeide_1.4.0/stm32cubeide/plugins/com.st.stm32cube.ide.mcu.externaltools.gnu-tools-for-stm32.7-2018-q2-update.win32_1.4.0.202007081208/tools/bin/../lib/gcc/arm-none-eabi/7.3.1/../../../../arm-none-eabi/lib/thumb/v7-m\libc_nano.a(lib_a-memmove.o)
 .ARM.attributes
                0x000000000000037c       0x2d c:/st/stm32cubeide_1.4.0/stm32cubeide/plugins/com.st.stm32cube.ide.mcu.externaltools.gnu-tools-for-stm32.7-2018-q2-update.win32_1.4.0.202007081208/tools/bin/../lib/gcc/arm-none-eabi/7.3.1/../../../../arm-none-eabi/lib/thumb/v7-m\libc_nano.a(lib_a-nano-freer.o)
 .ARM.attributes
                0x00000000000003a9       0x2d c:/st/stm32cubeide_1.4.0/stm32cubeide/plugins/com.st.stm32cube.ide.mcu.externaltools.gnu-tools-for-stm32.7-2018-q2-update.win32_1.4.0.202007081208/tools/bin/../lib/gcc/arm-none-eabi/7.3.1/../../../../arm-none-eabi/lib/thumb/v7-m\libc_nano.a(lib_a-nano-mallocr.o)
 .ARM.attributes
                0x00000000000003d6       0x2d c:/st/stm32cubeide_1.4.0/stm32cubeide/plugins/com.st.stm32cube.ide.mcu.externaltools.gnu-tools-for-stm32.7-2018-q2-update.win32_1.4.0.202007081208/tools/bin/../lib/gcc/arm-none-eabi/7.3.1/../../../../arm-none-eabi/lib/thumb/v7-m\libc_nano.a(lib_a-nano-reallocr.o)
 .ARM.attributes
                0x0000000000000403       0x2d c:/st/stm32cubeide_1.4.0/stm32cubeide/plugins/com.st.stm32cube.ide.mcu.externaltools.gnu-tools-for-stm32.7-2018-q2-update.win32_1.4.0.202007081208/tools/bin/../lib/gcc/arm-none-eabi/7.3.1/../../../../arm-none-eabi/lib/thumb/v7-m\libc_nano.a(lib_a-sbrkr.o)
 .ARM.attributes
                0x0000000000000430       0x2d c:/st/stm32cubeide_1.4.0/stm32cubeide/plugins/com.st.stm32cube.ide.mcu.externaltools.gnu-tools-for-stm32.7-2018-q2-update.win32_1.4.0.202007081208/tools/bin/../lib/gcc/arm-none-eabi/7.3.1/../../../../arm-none-eabi/lib/thumb/v7-m\libc_nano.a(lib_a-mlock.o)
 .ARM.attributes
                0x000000000000045d       0x2d c:/st/stm32cubeide_1.4.0/stm32cubeide/plugins/com.st.stm32cube.ide.mcu.externaltools.gnu-tools-for-stm32.7-2018-q2-update.win32_1.4.0.202007081208/tools/bin/../lib/gcc/arm-none-eabi/7.3.1/../../../../arm-none-eabi/lib/thumb/v7-m\libc_nano.a(lib_a-nano-msizer.o)
 .ARM.attributes
                0x000000000000048a       0x2d c:/st/stm32cubeide_1.4.0/stm32cubeide/plugins/com.st.stm32cube.ide.mcu.externaltools.gnu-tools-for-stm32.7-2018-q2-update.win32_1.4.0.202007081208/tools/bin/../lib/gcc/arm-none-eabi/7.3.1/../../../../arm-none-eabi/lib/thumb/v7-m\libc_nano.a(lib_a-reent.o)
 .ARM.attributes
                0x00000000000004b7       0x1d c:/st/stm32cubeide_1.4.0/stm32cubeide/plugins/com.st.stm32cube.ide.mcu.externaltools.gnu-tools-for-stm32.7-2018-q2-update.win32_1.4.0.202007081208/tools/bin/../lib/gcc/arm-none-eabi/7.3.1/thumb/v7-m\libgcc.a(_arm_addsubdf3.o)
 .ARM.attributes
                0x00000000000004d4       0x1d c:/st/stm32cubeide_1.4.0/stm32cubeide/plugins/com.st.stm32cube.ide.mcu.externaltools.gnu-tools-for-stm32.7-2018-q2-update.win32_1.4.0.202007081208/tools/bin/../lib/gcc/arm-none-eabi/7.3.1/thumb/v7-m\libgcc.a(_arm_muldivdf3.o)
 .ARM.attributes
                0x00000000000004f1       0x1d c:/st/stm32cubeide_1.4.0/stm32cubeide/plugins/com.st.stm32cube.ide.mcu.externaltools.gnu-tools-for-stm32.7-2018-q2-update.win32_1.4.0.202007081208/tools/bin/../lib/gcc/arm-none-eabi/7.3.1/thumb/v7-m\libgcc.a(_arm_truncdfsf2.o)
 .ARM.attributes
                0x000000000000050e       0x1d c:/st/stm32cubeide_1.4.0/stm32cubeide/plugins/com.st.stm32cube.ide.mcu.externaltools.gnu-tools-for-stm32.7-2018-q2-update.win32_1.4.0.202007081208/tools/bin/../lib/gcc/arm-none-eabi/7.3.1/thumb/v7-m\libgcc.a(_arm_addsubsf3.o)
 .ARM.attributes
                0x000000000000052b       0x1d c:/st/stm32cubeide_1.4.0/stm32cubeide/plugins/com.st.stm32cube.ide.mcu.externaltools.gnu-tools-for-stm32.7-2018-q2-update.win32_1.4.0.202007081208/tools/bin/../lib/gcc/arm-none-eabi/7.3.1/thumb/v7-m\libgcc.a(_arm_muldivsf3.o)
 .ARM.attributes
                0x0000000000000548       0x1d c:/st/stm32cubeide_1.4.0/stm32cubeide/plugins/com.st.stm32cube.ide.mcu.externaltools.gnu-tools-for-stm32.7-2018-q2-update.win32_1.4.0.202007081208/tools/bin/../lib/gcc/arm-none-eabi/7.3.1/thumb/v7-m\libgcc.a(_arm_cmpsf2.o)
 .ARM.attributes
                0x0000000000000565       0x1d c:/st/stm32cubeide_1.4.0/stm32cubeide/plugins/com.st.stm32cube.ide.mcu.externaltools.gnu-tools-for-stm32.7-2018-q2-update.win32_1.4.0.202007081208/tools/bin/../lib/gcc/arm-none-eabi/7.3.1/thumb/v7-m\libgcc.a(_arm_fixsfsi.o)
 .ARM.attributes
                0x0000000000000582       0x1d c:/st/stm32cubeide_1.4.0/stm32cubeide/plugins/com.st.stm32cube.ide.mcu.externaltools.gnu-tools-for-stm32.7-2018-q2-update.win32_1.4.0.202007081208/tools/bin/../lib/gcc/arm-none-eabi/7.3.1/thumb/v7-m/crtn.o
OUTPUT(Drivers.elf elf32-littlearm)

.debug_info     0x0000000000000000     0x6692
 .debug_info    0x0000000000000000      0xd45 HAL_Drivers/Keypad/Keypad.o
 .debug_info    0x0000000000000d45     0x104c HAL_Drivers/LCD/LCD.o
 .debug_info    0x0000000000001d91      0xebd STM32F103C6_MCAL_Drivers/EXTI/EXTI.o
 .debug_info    0x0000000000002c4e      0xe3f STM32F103C6_MCAL_Drivers/GPIO/STM32F103C6_GPIO_Driver.o
 .debug_info    0x0000000000003a8d     0x13a6 Src/Calc.o
 .debug_info    0x0000000000004e33      0xdc1 Src/main.o
 .debug_info    0x0000000000005bf4      0xa7c Src/sysmem.o
 .debug_info    0x0000000000006670       0x22 Startup/startup_stm32f103c6tx.o

.debug_abbrev   0x0000000000000000      0xf1d
 .debug_abbrev  0x0000000000000000      0x1f9 HAL_Drivers/Keypad/Keypad.o
 .debug_abbrev  0x00000000000001f9      0x26f HAL_Drivers/LCD/LCD.o
 .debug_abbrev  0x0000000000000468      0x20f STM32F103C6_MCAL_Drivers/EXTI/EXTI.o
 .debug_abbrev  0x0000000000000677      0x20a STM32F103C6_MCAL_Drivers/GPIO/STM32F103C6_GPIO_Driver.o
 .debug_abbrev  0x0000000000000881      0x2f4 Src/Calc.o
 .debug_abbrev  0x0000000000000b75      0x208 Src/main.o
 .debug_abbrev  0x0000000000000d7d      0x18e Src/sysmem.o
 .debug_abbrev  0x0000000000000f0b       0x12 Startup/startup_stm32f103c6tx.o

.debug_loc      0x0000000000000000     0x12d2
 .debug_loc     0x0000000000000000       0xa0 HAL_Drivers/Keypad/Keypad.o
 .debug_loc     0x00000000000000a0      0x46e HAL_Drivers/LCD/LCD.o
 .debug_loc     0x000000000000050e      0x320 STM32F103C6_MCAL_Drivers/EXTI/EXTI.o
 .debug_loc     0x000000000000082e      0x330 STM32F103C6_MCAL_Drivers/GPIO/STM32F103C6_GPIO_Driver.o
 .debug_loc     0x0000000000000b5e      0x690 Src/Calc.o
 .debug_loc     0x00000000000011ee       0x94 Src/main.o
 .debug_loc     0x0000000000001282       0x50 Src/sysmem.o

.debug_aranges  0x0000000000000000      0x2b0
 .debug_aranges
                0x0000000000000000       0x28 HAL_Drivers/Keypad/Keypad.o
 .debug_aranges
                0x0000000000000028       0x88 HAL_Drivers/LCD/LCD.o
 .debug_aranges
                0x00000000000000b0       0x80 STM32F103C6_MCAL_Drivers/EXTI/EXTI.o
 .debug_aranges
                0x0000000000000130       0x60 STM32F103C6_MCAL_Drivers/GPIO/STM32F103C6_GPIO_Driver.o
 .debug_aranges
                0x0000000000000190       0xb0 Src/Calc.o
 .debug_aranges
                0x0000000000000240       0x28 Src/main.o
 .debug_aranges
                0x0000000000000268       0x20 Src/sysmem.o
 .debug_aranges
                0x0000000000000288       0x28 Startup/startup_stm32f103c6tx.o

.debug_ranges   0x0000000000000000      0x250
 .debug_ranges  0x0000000000000000       0x18 HAL_Drivers/Keypad/Keypad.o
 .debug_ranges  0x0000000000000018       0x78 HAL_Drivers/LCD/LCD.o
 .debug_ranges  0x0000000000000090       0x70 STM32F103C6_MCAL_Drivers/EXTI/EXTI.o
 .debug_ranges  0x0000000000000100       0x50 STM32F103C6_MCAL_Drivers/GPIO/STM32F103C6_GPIO_Driver.o
 .debug_ranges  0x0000000000000150       0xb8 Src/Calc.o
 .debug_ranges  0x0000000000000208       0x18 Src/main.o
 .debug_ranges  0x0000000000000220       0x10 Src/sysmem.o
 .debug_ranges  0x0000000000000230       0x20 Startup/startup_stm32f103c6tx.o

.debug_macro    0x0000000000000000     0x14fe
 .debug_macro   0x0000000000000000      0x20e HAL_Drivers/Keypad/Keypad.o
 .debug_macro   0x000000000000020e       0x10 HAL_Drivers/Keypad/Keypad.o
 .debug_macro   0x000000000000021e      0x20e HAL_Drivers/LCD/LCD.o
 .debug_macro   0x000000000000042c       0xa6 HAL_Drivers/LCD/LCD.o
 .debug_macro   0x00000000000004d2      0x22c STM32F103C6_MCAL_Drivers/EXTI/EXTI.o
 .debug_macro   0x00000000000006fe      0x22e STM32F103C6_MCAL_Drivers/EXTI/EXTI.o
 .debug_macro   0x000000000000092c      0x1ff STM32F103C6_MCAL_Drivers/GPIO/STM32F103C6_GPIO_Driver.o
 .debug_macro   0x0000000000000b2b      0x230 Src/Calc.o
 .debug_macro   0x0000000000000d5b       0x16 Src/Calc.o
 .debug_macro   0x0000000000000d71      0x234 Src/Calc.o
 .debug_macro   0x0000000000000fa5      0x230 Src/main.o
 .debug_macro   0x00000000000011d5       0xee Src/sysmem.o
 .debug_macro   0x00000000000012c3      0x23b Src/sysmem.o

.debug_line     0x0000000000000000     0x32ab
 .debug_line    0x0000000000000000      0x6d4 HAL_Drivers/Keypad/Keypad.o
 .debug_line    0x00000000000006d4      0x7fb HAL_Drivers/LCD/LCD.o
 .debug_line    0x0000000000000ecf      0x7d0 STM32F103C6_MCAL_Drivers/EXTI/EXTI.o
 .debug_line    0x000000000000169f      0x717 STM32F103C6_MCAL_Drivers/GPIO/STM32F103C6_GPIO_Driver.o
 .debug_line    0x0000000000001db6      0x8d7 Src/Calc.o
 .debug_line    0x000000000000268d      0x6d8 Src/main.o
 .debug_line    0x0000000000002d65      0x4c2 Src/sysmem.o
 .debug_line    0x0000000000003227       0x84 Startup/startup_stm32f103c6tx.o

.debug_str      0x0000000000000000     0xa94d
 .debug_str     0x0000000000000000     0x8b0f HAL_Drivers/Keypad/Keypad.o
                                       0x8d67 (size before relaxing)
 .debug_str     0x0000000000008b0f      0x4e6 HAL_Drivers/LCD/LCD.o
                                       0x91eb (size before relaxing)
 .debug_str     0x0000000000008ff5     0x1184 STM32F103C6_MCAL_Drivers/EXTI/EXTI.o
                                       0x9e89 (size before relaxing)
 .debug_str     0x000000000000a179      0x129 STM32F103C6_MCAL_Drivers/GPIO/STM32F103C6_GPIO_Driver.o
                                       0x8e39 (size before relaxing)
 .debug_str     0x000000000000a2a2      0x17d Src/Calc.o
                                       0xa228 (size before relaxing)
 .debug_str     0x000000000000a41f       0x19 Src/main.o
                                       0xa08f (size before relaxing)
 .debug_str     0x000000000000a438      0x4e4 Src/sysmem.o
                                       0x5f3d (size before relaxing)
 .debug_str     0x000000000000a91c       0x31 Startup/startup_stm32f103c6tx.o
                                         0x60 (size before relaxing)

.comment        0x0000000000000000       0x7b
 .comment       0x0000000000000000       0x7b HAL_Drivers/Keypad/Keypad.o
                                         0x7c (size before relaxing)
 .comment       0x000000000000007b       0x7c HAL_Drivers/LCD/LCD.o
 .comment       0x000000000000007b       0x7c STM32F103C6_MCAL_Drivers/EXTI/EXTI.o
 .comment       0x000000000000007b       0x7c STM32F103C6_MCAL_Drivers/GPIO/STM32F103C6_GPIO_Driver.o
 .comment       0x000000000000007b       0x7c Src/Calc.o
 .comment       0x000000000000007b       0x7c Src/main.o
 .comment       0x000000000000007b       0x7c Src/sysmem.o

.debug_frame    0x0000000000000000      0xf3c
 .debug_frame   0x0000000000000000       0x58 HAL_Drivers/Keypad/Keypad.o
 .debug_frame   0x0000000000000058      0x20c HAL_Drivers/LCD/LCD.o
 .debug_frame   0x0000000000000264      0x1b0 STM32F103C6_MCAL_Drivers/EXTI/EXTI.o
 .debug_frame   0x0000000000000414      0x178 STM32F103C6_MCAL_Drivers/GPIO/STM32F103C6_GPIO_Driver.o
 .debug_frame   0x000000000000058c      0x2fc Src/Calc.o
 .debug_frame   0x0000000000000888       0x58 Src/main.o
 .debug_frame   0x00000000000008e0       0x34 Src/sysmem.o
 .debug_frame   0x0000000000000914       0x20 c:/st/stm32cubeide_1.4.0/stm32cubeide/plugins/com.st.stm32cube.ide.mcu.externaltools.gnu-tools-for-stm32.7-2018-q2-update.win32_1.4.0.202007081208/tools/bin/../lib/gcc/arm-none-eabi/7.3.1/../../../../arm-none-eabi/lib/thumb/v7-m\libc_nano.a(lib_a-errno.o)
 .debug_frame   0x0000000000000934       0x2c c:/st/stm32cubeide_1.4.0/stm32cubeide/plugins/com.st.stm32cube.ide.mcu.externaltools.gnu-tools-for-stm32.7-2018-q2-update.win32_1.4.0.202007081208/tools/bin/../lib/gcc/arm-none-eabi/7.3.1/../../../../arm-none-eabi/lib/thumb/v7-m\libc_nano.a(lib_a-init.o)
 .debug_frame   0x0000000000000960       0x6c c:/st/stm32cubeide_1.4.0/stm32cubeide/plugins/com.st.stm32cube.ide.mcu.externaltools.gnu-tools-for-stm32.7-2018-q2-update.win32_1.4.0.202007081208/tools/bin/../lib/gcc/arm-none-eabi/7.3.1/../../../../arm-none-eabi/lib/thumb/v7-m\libc_nano.a(lib_a-sprintf.o)
 .debug_frame   0x00000000000009cc       0x90 c:/st/stm32cubeide_1.4.0/stm32cubeide/plugins/com.st.stm32cube.ide.mcu.externaltools.gnu-tools-for-stm32.7-2018-q2-update.win32_1.4.0.202007081208/tools/bin/../lib/gcc/arm-none-eabi/7.3.1/../../../../arm-none-eabi/lib/thumb/v7-m\libc_nano.a(lib_a-nano-svfprintf.o)
 .debug_frame   0x0000000000000a5c       0x60 c:/st/stm32cubeide_1.4.0/stm32cubeide/plugins/com.st.stm32cube.ide.mcu.externaltools.gnu-tools-for-stm32.7-2018-q2-update.win32_1.4.0.202007081208/tools/bin/../lib/gcc/arm-none-eabi/7.3.1/../../../../arm-none-eabi/lib/thumb/v7-m\libc_nano.a(lib_a-nano-vfprintf_i.o)
 .debug_frame   0x0000000000000abc       0x28 c:/st/stm32cubeide_1.4.0/stm32cubeide/plugins/com.st.stm32cube.ide.mcu.externaltools.gnu-tools-for-stm32.7-2018-q2-update.win32_1.4.0.202007081208/tools/bin/../lib/gcc/arm-none-eabi/7.3.1/../../../../arm-none-eabi/lib/thumb/v7-m\libc_nano.a(lib_a-memchr-stub.o)
 .debug_frame   0x0000000000000ae4       0x28 c:/st/stm32cubeide_1.4.0/stm32cubeide/plugins/com.st.stm32cube.ide.mcu.externaltools.gnu-tools-for-stm32.7-2018-q2-update.win32_1.4.0.202007081208/tools/bin/../lib/gcc/arm-none-eabi/7.3.1/../../../../arm-none-eabi/lib/thumb/v7-m\libc_nano.a(lib_a-memcpy-stub.o)
 .debug_frame   0x0000000000000b0c       0x28 c:/st/stm32cubeide_1.4.0/stm32cubeide/plugins/com.st.stm32cube.ide.mcu.externaltools.gnu-tools-for-stm32.7-2018-q2-update.win32_1.4.0.202007081208/tools/bin/../lib/gcc/arm-none-eabi/7.3.1/../../../../arm-none-eabi/lib/thumb/v7-m\libc_nano.a(lib_a-memmove.o)
 .debug_frame   0x0000000000000b34       0x38 c:/st/stm32cubeide_1.4.0/stm32cubeide/plugins/com.st.stm32cube.ide.mcu.externaltools.gnu-tools-for-stm32.7-2018-q2-update.win32_1.4.0.202007081208/tools/bin/../lib/gcc/arm-none-eabi/7.3.1/../../../../arm-none-eabi/lib/thumb/v7-m\libc_nano.a(lib_a-nano-freer.o)
 .debug_frame   0x0000000000000b6c       0x2c c:/st/stm32cubeide_1.4.0/stm32cubeide/plugins/com.st.stm32cube.ide.mcu.externaltools.gnu-tools-for-stm32.7-2018-q2-update.win32_1.4.0.202007081208/tools/bin/../lib/gcc/arm-none-eabi/7.3.1/../../../../arm-none-eabi/lib/thumb/v7-m\libc_nano.a(lib_a-nano-mallocr.o)
 .debug_frame   0x0000000000000b98       0x3c c:/st/stm32cubeide_1.4.0/stm32cubeide/plugins/com.st.stm32cube.ide.mcu.externaltools.gnu-tools-for-stm32.7-2018-q2-update.win32_1.4.0.202007081208/tools/bin/../lib/gcc/arm-none-eabi/7.3.1/../../../../arm-none-eabi/lib/thumb/v7-m\libc_nano.a(lib_a-nano-reallocr.o)
 .debug_frame   0x0000000000000bd4       0x2c c:/st/stm32cubeide_1.4.0/stm32cubeide/plugins/com.st.stm32cube.ide.mcu.externaltools.gnu-tools-for-stm32.7-2018-q2-update.win32_1.4.0.202007081208/tools/bin/../lib/gcc/arm-none-eabi/7.3.1/../../../../arm-none-eabi/lib/thumb/v7-m\libc_nano.a(lib_a-sbrkr.o)
 .debug_frame   0x0000000000000c00       0x30 c:/st/stm32cubeide_1.4.0/stm32cubeide/plugins/com.st.stm32cube.ide.mcu.externaltools.gnu-tools-for-stm32.7-2018-q2-update.win32_1.4.0.202007081208/tools/bin/../lib/gcc/arm-none-eabi/7.3.1/../../../../arm-none-eabi/lib/thumb/v7-m\libc_nano.a(lib_a-mlock.o)
 .debug_frame   0x0000000000000c30       0x20 c:/st/stm32cubeide_1.4.0/stm32cubeide/plugins/com.st.stm32cube.ide.mcu.externaltools.gnu-tools-for-stm32.7-2018-q2-update.win32_1.4.0.202007081208/tools/bin/../lib/gcc/arm-none-eabi/7.3.1/../../../../arm-none-eabi/lib/thumb/v7-m\libc_nano.a(lib_a-nano-msizer.o)
 .debug_frame   0x0000000000000c50       0x5c c:/st/stm32cubeide_1.4.0/stm32cubeide/plugins/com.st.stm32cube.ide.mcu.externaltools.gnu-tools-for-stm32.7-2018-q2-update.win32_1.4.0.202007081208/tools/bin/../lib/gcc/arm-none-eabi/7.3.1/../../../../arm-none-eabi/lib/thumb/v7-m\libc_nano.a(lib_a-reent.o)
 .debug_frame   0x0000000000000cac       0xac c:/st/stm32cubeide_1.4.0/stm32cubeide/plugins/com.st.stm32cube.ide.mcu.externaltools.gnu-tools-for-stm32.7-2018-q2-update.win32_1.4.0.202007081208/tools/bin/../lib/gcc/arm-none-eabi/7.3.1/thumb/v7-m\libgcc.a(_arm_addsubdf3.o)
 .debug_frame   0x0000000000000d58       0x50 c:/st/stm32cubeide_1.4.0/stm32cubeide/plugins/com.st.stm32cube.ide.mcu.externaltools.gnu-tools-for-stm32.7-2018-q2-update.win32_1.4.0.202007081208/tools/bin/../lib/gcc/arm-none-eabi/7.3.1/thumb/v7-m\libgcc.a(_arm_muldivdf3.o)
 .debug_frame   0x0000000000000da8       0x24 c:/st/stm32cubeide_1.4.0/stm32cubeide/plugins/com.st.stm32cube.ide.mcu.externaltools.gnu-tools-for-stm32.7-2018-q2-update.win32_1.4.0.202007081208/tools/bin/../lib/gcc/arm-none-eabi/7.3.1/thumb/v7-m\libgcc.a(_arm_truncdfsf2.o)
 .debug_frame   0x0000000000000dcc       0x4c c:/st/stm32cubeide_1.4.0/stm32cubeide/plugins/com.st.stm32cube.ide.mcu.externaltools.gnu-tools-for-stm32.7-2018-q2-update.win32_1.4.0.202007081208/tools/bin/../lib/gcc/arm-none-eabi/7.3.1/thumb/v7-m\libgcc.a(_arm_addsubsf3.o)
 .debug_frame   0x0000000000000e18       0x38 c:/st/stm32cubeide_1.4.0/stm32cubeide/plugins/com.st.stm32cube.ide.mcu.externaltools.gnu-tools-for-stm32.7-2018-q2-update.win32_1.4.0.202007081208/tools/bin/../lib/gcc/arm-none-eabi/7.3.1/thumb/v7-m\libgcc.a(_arm_muldivsf3.o)
 .debug_frame   0x0000000000000e50       0xc8 c:/st/stm32cubeide_1.4.0/stm32cubeide/plugins/com.st.stm32cube.ide.mcu.externaltools.gnu-tools-for-stm32.7-2018-q2-update.win32_1.4.0.202007081208/tools/bin/../lib/gcc/arm-none-eabi/7.3.1/thumb/v7-m\libgcc.a(_arm_cmpsf2.o)
 .debug_frame   0x0000000000000f18       0x24 c:/st/stm32cubeide_1.4.0/stm32cubeide/plugins/com.st.stm32cube.ide.mcu.externaltools.gnu-tools-for-stm32.7-2018-q2-update.win32_1.4.0.202007081208/tools/bin/../lib/gcc/arm-none-eabi/7.3.1/thumb/v7-m\libgcc.a(_arm_fixsfsi.o)
